// Jest Snapshot v1, https://goo.gl/fbAQLP

exports[`Quiz Component should match the snapshot 1`] = `
<div
  className="quiz-wrapper"
  key="1"
>
  <div>
    <h1>
      Take the Quiz and match a Marvel Character!
    </h1>
    <QuizContainer
      answer=""
      answerOptions={
        Array [
          Object {
            "content": "Blue",
            "type": "blue",
          },
          Object {
            "content": "Brown",
            "type": "brown",
          },
          Object {
            "content": "Green",
            "type": "green",
          },
          Object {
            "content": "Other",
            "type": "other",
          },
        ]
      }
      onAnswerSelected={[Function]}
      question="What color are your eyes?"
      questionId={1}
      questionTotal={4}
    />
  </div>
</div>
`;
