// Jest Snapshot v1, https://goo.gl/fbAQLP

exports[`LandingPage Component should match the snapshot 1`] = `
<div
  className="wrapper"
>
  <div
    className="logo-container"
  >
    <h1
      className="marvel"
    >
      MARVEL
    </h1>
    <h2
      className="match"
    >
      MATCH
    </h2>
  </div>
  <img
    alt=""
    className="gif"
    src="../../assets/Images/comic-flip.gif"
  />
  <div
    className="links-container"
  >
    <NavLink
      activeClassName="active"
      aria-current="page"
      className="landing-nav"
      to="/quiz-land"
    >
      <h3
        className="link-text"
      >
        Take the quiz!
      </h3>
    </NavLink>
  </div>
</div>
`;
