// Jest Snapshot v1, https://goo.gl/fbAQLP

exports[`ErrorPage Component should match the snapshot 1`] = `
<div
  className="error-wrapper"
>
  <div
    className="warning-container"
  >
    <h1>
      404: I AM GROOT!
    </h1>
    <p
      className="translation"
    >
      Translation: Not quite sure where you were headed, friend, but this path leads to Knowhere and you'll never survive the trip!
    </p>
  </div>
  <NavLink
    activeClassName="active"
    aria-current="page"
    className="error-nav"
    to="/quiz-land"
  >
    <p
      className="home-link"
    >
      Back to Safety!
    </p>
  </NavLink>
</div>
`;
