// Jest Snapshot v1, https://goo.gl/fbAQLP

exports[`QuizInstructions Component should match the snapshot 1`] = `
<div>
  <h1
    className="directions-title"
  >
    Take the quiz to find your 
    <span>
      Spirit Superhero
    </span>
    !
  </h1>
  <div
    className="directions-container"
  >
    <p
      className="directions"
    >
      We all know that no one in real life looks like a Marvel Comics superhero, but we all feel like one inside. Answer the questions in our brief quiz to choose your Spirit Superhero!
    </p>
    <NavLink
      activeClassName="active"
      aria-current="page"
      className="quiz-nav"
      to="/quiz"
    >
      <h3>
        Match Me!
      </h3>
    </NavLink>
  </div>
</div>
`;
